
Merging program properties


Discarded input sections

 .note.GNU-stack
                0x0000000000000000        0x0 app.o

Memory Configuration

Name             Origin             Length             Attributes
*default*        0x0000000000000000 0xffffffffffffffff

Linker script and memory map

LOAD app.o
                [!provide]                        PROVIDE (__executable_start = SEGMENT_START ("text-segment", 0x0))
                0x0000000000000318                . = (SEGMENT_START ("text-segment", 0x0) + SIZEOF_HEADERS)

.interp         0x0000000000000318       0x1c
 *(.interp)
 .interp        0x0000000000000318       0x1c app.o

.note.gnu.property
                0x0000000000000338       0x40
 .note.gnu.property
                0x0000000000000338       0x40 app.o

.note.gnu.build-id
                0x0000000000000378       0x24
 *(.note.gnu.build-id)
 .note.gnu.build-id
                0x0000000000000378       0x24 app.o

.hash
 *(.hash)

.gnu.hash       0x00000000000003a0       0x1c
 *(.gnu.hash)
 .gnu.hash      0x00000000000003a0       0x1c app.o

.dynsym         0x00000000000003c0       0x18
 *(.dynsym)
 .dynsym        0x00000000000003c0       0x18 app.o

.dynstr         0x00000000000003d8        0x1
 *(.dynstr)
 .dynstr        0x00000000000003d8        0x1 app.o

.gnu.version    0x00000000000003da        0x0
 *(.gnu.version)
 .gnu.version   0x00000000000003da        0x0 app.o

.gnu.version_d  0x00000000000003e0        0x0
 *(.gnu.version_d)
 .gnu.version_d
                0x00000000000003e0        0x0 app.o

.gnu.version_r  0x00000000000003e0        0x0
 *(.gnu.version_r)
 .gnu.version_r
                0x00000000000003e0        0x0 app.o

.rela.dyn       0x00000000000003e0        0x0
 *(.rela.init)
 *(.rela.text .rela.text.* .rela.gnu.linkonce.t.*)
 *(.rela.fini)
 *(.rela.rodata .rela.rodata.* .rela.gnu.linkonce.r.*)
 *(.rela.data .rela.data.* .rela.gnu.linkonce.d.*)
 .rela.data.rel.ro
                0x00000000000003e0        0x0 app.o
 *(.rela.tdata .rela.tdata.* .rela.gnu.linkonce.td.*)
 *(.rela.tbss .rela.tbss.* .rela.gnu.linkonce.tb.*)
 *(.rela.ctors)
 *(.rela.dtors)
 *(.rela.got)
 .rela.got      0x00000000000003e0        0x0 app.o
 *(.rela.bss .rela.bss.* .rela.gnu.linkonce.b.*)
 .rela.bss      0x00000000000003e0        0x0 app.o
 *(.rela.ldata .rela.ldata.* .rela.gnu.linkonce.l.*)
 *(.rela.lbss .rela.lbss.* .rela.gnu.linkonce.lb.*)
 *(.rela.lrodata .rela.lrodata.* .rela.gnu.linkonce.lr.*)
 *(.rela.ifunc)
 .rela.ifunc    0x00000000000003e0        0x0 app.o

.rela.plt       0x00000000000003e0        0x0
 *(.rela.plt)
 .rela.plt      0x00000000000003e0        0x0 app.o
 *(.rela.iplt)
                0x0000000000001000                . = ALIGN (CONSTANT (MAXPAGESIZE))

.init
 *(SORT_NONE(.init))

.plt            0x0000000000001000        0x0
 *(.plt)
 .plt           0x0000000000001000        0x0 app.o
 *(.iplt)

.plt.got        0x0000000000001000        0x0
 *(.plt.got)
 .plt.got       0x0000000000001000        0x0 app.o

.plt.sec        0x0000000000001000        0x0
 *(.plt.sec)
 .plt.sec       0x0000000000001000        0x0 app.o

.text           0x0000000000001000       0x1d
 *(.text.unlikely .text.*_unlikely .text.unlikely.*)
 *(.text.exit .text.exit.*)
 *(.text.startup .text.startup.*)
 *(.text.hot .text.hot.*)
 *(SORT_BY_NAME(.text.sorted.*))
 *(.text .stub .text.* .gnu.linkonce.t.*)
 .text          0x0000000000001000       0x1d app.o
                0x0000000000001000                _exit
                0x000000000000100e                main
 *(.gnu.warning)

.fini
 *(SORT_NONE(.fini))
                [!provide]                        PROVIDE (__etext = .)
                [!provide]                        PROVIDE (_etext = .)
                [!provide]                        PROVIDE (etext = .)
                0x0000000000002000                . = ALIGN (CONSTANT (MAXPAGESIZE))
                0x0000000000002000                . = SEGMENT_START ("rodata-segment", (ALIGN (CONSTANT (MAXPAGESIZE)) + (. & (CONSTANT (MAXPAGESIZE) - 0x1))))

.rodata
 *(.rodata .rodata.* .gnu.linkonce.r.*)

.rodata1
 *(.rodata1)

.eh_frame_hdr   0x0000000000002000       0x1c
 *(.eh_frame_hdr)
 .eh_frame_hdr  0x0000000000002000       0x1c app.o
                0x0000000000002000                __GNU_EH_FRAME_HDR
 *(.eh_frame_entry .eh_frame_entry.*)

.eh_frame       0x0000000000002020       0x58
 *(.eh_frame)
 .eh_frame      0x0000000000002020       0x58 app.o
 .eh_frame      0x0000000000002078        0x0 app.o
 .eh_frame      0x0000000000002078        0x0 app.o
 .eh_frame      0x0000000000002078        0x0 app.o
 *(.eh_frame.*)

.gcc_except_table
 *(.gcc_except_table .gcc_except_table.*)

.gnu_extab
 *(.gnu_extab*)

.exception_ranges
 *(.exception_ranges*)
                0x0000000000003f20                . = DATA_SEGMENT_ALIGN (CONSTANT (MAXPAGESIZE), CONSTANT (COMMONPAGESIZE))

.eh_frame
 *(.eh_frame)
 *(.eh_frame.*)

.gnu_extab
 *(.gnu_extab)

.gcc_except_table
 *(.gcc_except_table .gcc_except_table.*)

.exception_ranges
 *(.exception_ranges*)

.tdata          0x0000000000003f20        0x0
                [!provide]                        PROVIDE (__tdata_start = .)
 *(.tdata .tdata.* .gnu.linkonce.td.*)

.tbss
 *(.tbss .tbss.* .gnu.linkonce.tb.*)
 *(.tcommon)

.preinit_array  0x0000000000003f20        0x0
                [!provide]                        PROVIDE (__preinit_array_start = .)
 *(.preinit_array)
                [!provide]                        PROVIDE (__preinit_array_end = .)

.init_array     0x0000000000003f20        0x0
                [!provide]                        PROVIDE (__init_array_start = .)
 *(SORT_BY_INIT_PRIORITY(.init_array.*) SORT_BY_INIT_PRIORITY(.ctors.*))
 *(.init_array EXCLUDE_FILE(*crtend?.o *crtend.o *crtbegin?.o *crtbegin.o) .ctors)
                [!provide]                        PROVIDE (__init_array_end = .)

.fini_array     0x0000000000003f20        0x0
                [!provide]                        PROVIDE (__fini_array_start = .)
 *(SORT_BY_INIT_PRIORITY(.fini_array.*) SORT_BY_INIT_PRIORITY(.dtors.*))
 *(.fini_array EXCLUDE_FILE(*crtend?.o *crtend.o *crtbegin?.o *crtbegin.o) .dtors)
                [!provide]                        PROVIDE (__fini_array_end = .)

.ctors
 *crtbegin.o(.ctors)
 *crtbegin?.o(.ctors)
 *(EXCLUDE_FILE(*crtend?.o *crtend.o) .ctors)
 *(SORT_BY_NAME(.ctors.*))
 *(.ctors)

.dtors
 *crtbegin.o(.dtors)
 *crtbegin?.o(.dtors)
 *(EXCLUDE_FILE(*crtend?.o *crtend.o) .dtors)
 *(SORT_BY_NAME(.dtors.*))
 *(.dtors)

.jcr
 *(.jcr)

.data.rel.ro    0x0000000000003f20        0x0
 *(.data.rel.ro.local* .gnu.linkonce.d.rel.ro.local.*)
 *(.data.rel.ro .data.rel.ro.* .gnu.linkonce.d.rel.ro.*)
 .data.rel.ro   0x0000000000003f20        0x0 app.o

.dynamic        0x0000000000003f20       0xe0
 *(.dynamic)
 .dynamic       0x0000000000003f20       0xe0 app.o
                0x0000000000003f20                _DYNAMIC

.got            0x0000000000004000        0x0
 *(.got.plt)
 .got.plt       0x0000000000004000        0x0 app.o
 *(.igot.plt)
 *(.got)
 .got           0x0000000000004000        0x0 app.o
 *(.igot)
                0x0000000000004000                . = DATA_SEGMENT_RELRO_END (., 0x0)

.data           0x0000000000004000        0x4
 *(.data .data.* .gnu.linkonce.d.*)
 .data          0x0000000000004000        0x4 app.o
                0x0000000000004000                a

.data1
 *(.data1)
                0x0000000000004004                _edata = .
                [!provide]                        PROVIDE (edata = .)
                0x0000000000004004                . = .
                0x0000000000004004                __bss_start = .

.bss            0x0000000000004004        0x0
 *(.dynbss)
 .dynbss        0x0000000000004004        0x0 app.o
 *(.bss .bss.* .gnu.linkonce.b.*)
 .bss           0x0000000000004004        0x0 app.o
 *(COMMON)
                0x0000000000004004                . = ALIGN ((. != 0x0)?0x8:0x1)

.lbss
 *(.dynlbss)
 *(.lbss .lbss.* .gnu.linkonce.lb.*)
 *(LARGE_COMMON)
                0x0000000000004008                . = ALIGN (0x8)
                0x0000000000004008                . = SEGMENT_START ("ldata-segment", .)

.lrodata
 *(.lrodata .lrodata.* .gnu.linkonce.lr.*)

.ldata          0x0000000000006008        0x0
 *(.ldata .ldata.* .gnu.linkonce.l.*)
                0x0000000000006008                . = ALIGN ((. != 0x0)?0x8:0x1)
                0x0000000000006008                . = ALIGN (0x8)
                0x0000000000004008                _end = .
                [!provide]                        PROVIDE (end = .)
                0x0000000000006008                . = DATA_SEGMENT_END (.)

.stab
 *(.stab)

.stabstr
 *(.stabstr)

.stab.excl
 *(.stab.excl)

.stab.exclstr
 *(.stab.exclstr)

.stab.index
 *(.stab.index)

.stab.indexstr
 *(.stab.indexstr)

.comment        0x0000000000000000       0x2b
 *(.comment)
 .comment       0x0000000000000000       0x2b app.o
                                         0x2c (size before relaxing)

.gnu.build.attributes
 *(.gnu.build.attributes .gnu.build.attributes.*)

.debug
 *(.debug)

.line
 *(.line)

.debug_srcinfo
 *(.debug_srcinfo)

.debug_sfnames
 *(.debug_sfnames)

.debug_aranges
 *(.debug_aranges)

.debug_pubnames
 *(.debug_pubnames)

.debug_info
 *(.debug_info .gnu.linkonce.wi.*)

.debug_abbrev
 *(.debug_abbrev)

.debug_line
 *(.debug_line .debug_line.* .debug_line_end)

.debug_frame
 *(.debug_frame)

.debug_str
 *(.debug_str)

.debug_loc
 *(.debug_loc)

.debug_macinfo
 *(.debug_macinfo)

.debug_weaknames
 *(.debug_weaknames)

.debug_funcnames
 *(.debug_funcnames)

.debug_typenames
 *(.debug_typenames)

.debug_varnames
 *(.debug_varnames)

.debug_pubtypes
 *(.debug_pubtypes)

.debug_ranges
 *(.debug_ranges)

.debug_addr
 *(.debug_addr)

.debug_line_str
 *(.debug_line_str)

.debug_loclists
 *(.debug_loclists)

.debug_macro
 *(.debug_macro)

.debug_names
 *(.debug_names)

.debug_rnglists
 *(.debug_rnglists)

.debug_str_offsets
 *(.debug_str_offsets)

.debug_sup
 *(.debug_sup)

.gnu.attributes
 *(.gnu.attributes)

/DISCARD/
 *(.note.GNU-stack)
 *(.gnu_debuglink)
 *(.gnu.lto_*)
OUTPUT(appExe elf64-x86-64)
