
Memory Configuration

Name             Origin             Length             Attributes
FLASH            0x0000000000000000 0x0000000000100000 xr
SRAM             0x0000000020000000 0x0000000000020000 xrw
*default*        0x0000000000000000 0xffffffffffffffff

Linker script and memory map

LOAD app.o
LOAD syscalls.o
LOAD roData.o
LOAD bssData.o

.text           0x0000000000000000       0x40
 *(.text)
 .text          0x0000000000000000       0x1c app.o
                0x0000000000000000                main
 .text          0x000000000000001c       0x20 syscalls.o
                0x000000000000001c                _exit
 .text          0x000000000000003c        0x0 roData.o
 .text          0x000000000000003c        0x0 bssData.o
 *(.rodata)
 .rodata        0x000000000000003c        0x4 roData.o
                0x000000000000003c                gConstIntVar
                0x0000000000000040                . = ALIGN (0x4)
                0x0000000000000040                _etext = .

.glue_7         0x0000000000000040        0x0
 .glue_7        0x0000000000000040        0x0 linker stubs

.glue_7t        0x0000000000000040        0x0
 .glue_7t       0x0000000000000040        0x0 linker stubs

.vfp11_veneer   0x0000000000000040        0x0
 .vfp11_veneer  0x0000000000000040        0x0 linker stubs

.v4_bx          0x0000000000000040        0x0
 .v4_bx         0x0000000000000040        0x0 linker stubs

.iplt           0x0000000000000040        0x0
 .iplt          0x0000000000000040        0x0 app.o

.rel.dyn        0x0000000000000040        0x0
 .rel.iplt      0x0000000000000040        0x0 app.o

.data           0x0000000020000000        0x4 load address 0x0000000000000040
                0x0000000020000000                _sdata = .
 *(.data)
 .data          0x0000000020000000        0x4 app.o
                0x0000000020000000                gIntVar
 .data          0x0000000020000004        0x0 syscalls.o
 .data          0x0000000020000004        0x0 roData.o
 .data          0x0000000020000004        0x0 bssData.o
                0x0000000020000004                . = ALIGN (0x4)
                0x0000000020000004                _edata = .

.igot.plt       0x0000000020000004        0x0 load address 0x0000000000000044
 .igot.plt      0x0000000020000004        0x0 app.o

.bss            0x0000000020000004        0x4 load address 0x0000000000000044
                0x0000000020000004                _sbss = .
 *(.bss)
 .bss           0x0000000020000004        0x0 app.o
 .bss           0x0000000020000004        0x0 syscalls.o
 .bss           0x0000000020000004        0x0 roData.o
 .bss           0x0000000020000004        0x4 bssData.o
                0x0000000020000004                gBssint
                0x0000000020000008                . = ALIGN (0x4)
                0x0000000020000008                _ebss = .
OUTPUT(ldAppExe elf32-littlearm)
LOAD linker stubs

.debug_info     0x0000000000000000      0x11b
 .debug_info    0x0000000000000000       0x55 app.o
 .debug_info    0x0000000000000055       0x53 syscalls.o
 .debug_info    0x00000000000000a8       0x3c roData.o
 .debug_info    0x00000000000000e4       0x37 bssData.o

.debug_abbrev   0x0000000000000000       0xfb
 .debug_abbrev  0x0000000000000000       0x4c app.o
 .debug_abbrev  0x000000000000004c       0x4c syscalls.o
 .debug_abbrev  0x0000000000000098       0x35 roData.o
 .debug_abbrev  0x00000000000000cd       0x2e bssData.o

.debug_aranges  0x0000000000000000       0x70
 .debug_aranges
                0x0000000000000000       0x20 app.o
 .debug_aranges
                0x0000000000000020       0x20 syscalls.o
 .debug_aranges
                0x0000000000000040       0x18 roData.o
 .debug_aranges
                0x0000000000000058       0x18 bssData.o

.debug_line     0x0000000000000000       0xcb
 .debug_line    0x0000000000000000       0x3d app.o
 .debug_line    0x000000000000003d       0x3b syscalls.o
 .debug_line    0x0000000000000078       0x29 roData.o
 .debug_line    0x00000000000000a1       0x2a bssData.o

.debug_str      0x0000000000000000       0xe5
 .debug_str     0x0000000000000000       0xa5 app.o
 .debug_str     0x00000000000000a5       0x18 syscalls.o
                                         0xaa (size before relaxing)
 .debug_str     0x00000000000000bd       0x16 roData.o
                                         0xa8 (size before relaxing)
 .debug_str     0x00000000000000d3       0x12 bssData.o
                                         0xa4 (size before relaxing)

.comment        0x0000000000000000       0x49
 .comment       0x0000000000000000       0x49 app.o
                                         0x4a (size before relaxing)
 .comment       0x0000000000000049       0x4a syscalls.o
 .comment       0x0000000000000049       0x4a roData.o
 .comment       0x0000000000000049       0x4a bssData.o

.ARM.attributes
                0x0000000000000000       0x2a
 .ARM.attributes
                0x0000000000000000       0x2a app.o
 .ARM.attributes
                0x000000000000002a       0x2a syscalls.o
 .ARM.attributes
                0x0000000000000054       0x2a roData.o
 .ARM.attributes
                0x000000000000007e       0x2a bssData.o

.debug_frame    0x0000000000000000       0x60
 .debug_frame   0x0000000000000000       0x30 app.o
 .debug_frame   0x0000000000000030       0x30 syscalls.o
