Archive member included to satisfy reference by file (symbol)

/home/vinai/projects/toolchain/gcc-arm-none-eabi-10.3-2021.10/bin/../lib/gcc/arm-none-eabi/10.3.1/../../../../arm-none-eabi/lib/libstdc++.a(atexit_arm.o)
                              app.o (__aeabi_atexit)
/home/vinai/projects/toolchain/gcc-arm-none-eabi-10.3-2021.10/bin/../lib/gcc/arm-none-eabi/10.3.1/../../../../arm-none-eabi/lib/libc.a(lib_a-cxa_atexit.o)
                              /home/vinai/projects/toolchain/gcc-arm-none-eabi-10.3-2021.10/bin/../lib/gcc/arm-none-eabi/10.3.1/../../../../arm-none-eabi/lib/libstdc++.a(atexit_arm.o) (__cxa_atexit)
/home/vinai/projects/toolchain/gcc-arm-none-eabi-10.3-2021.10/bin/../lib/gcc/arm-none-eabi/10.3.1/../../../../arm-none-eabi/lib/libc.a(lib_a-exit.o)
                              /home/vinai/projects/toolchain/gcc-arm-none-eabi-10.3-2021.10/bin/../lib/gcc/arm-none-eabi/10.3.1/../../../../arm-none-eabi/lib/crt0.o (exit)
/home/vinai/projects/toolchain/gcc-arm-none-eabi-10.3-2021.10/bin/../lib/gcc/arm-none-eabi/10.3.1/../../../../arm-none-eabi/lib/libc.a(lib_a-impure.o)
                              /home/vinai/projects/toolchain/gcc-arm-none-eabi-10.3-2021.10/bin/../lib/gcc/arm-none-eabi/10.3.1/../../../../arm-none-eabi/lib/libc.a(lib_a-exit.o) (_global_impure_ptr)
/home/vinai/projects/toolchain/gcc-arm-none-eabi-10.3-2021.10/bin/../lib/gcc/arm-none-eabi/10.3.1/../../../../arm-none-eabi/lib/libc.a(lib_a-init.o)
                              /home/vinai/projects/toolchain/gcc-arm-none-eabi-10.3-2021.10/bin/../lib/gcc/arm-none-eabi/10.3.1/../../../../arm-none-eabi/lib/crt0.o (__libc_init_array)
/home/vinai/projects/toolchain/gcc-arm-none-eabi-10.3-2021.10/bin/../lib/gcc/arm-none-eabi/10.3.1/../../../../arm-none-eabi/lib/libc.a(lib_a-memset.o)
                              /home/vinai/projects/toolchain/gcc-arm-none-eabi-10.3-2021.10/bin/../lib/gcc/arm-none-eabi/10.3.1/../../../../arm-none-eabi/lib/crt0.o (memset)
/home/vinai/projects/toolchain/gcc-arm-none-eabi-10.3-2021.10/bin/../lib/gcc/arm-none-eabi/10.3.1/../../../../arm-none-eabi/lib/libc.a(lib_a-__atexit.o)
                              /home/vinai/projects/toolchain/gcc-arm-none-eabi-10.3-2021.10/bin/../lib/gcc/arm-none-eabi/10.3.1/../../../../arm-none-eabi/lib/libc.a(lib_a-cxa_atexit.o) (__register_exitproc)
/home/vinai/projects/toolchain/gcc-arm-none-eabi-10.3-2021.10/bin/../lib/gcc/arm-none-eabi/10.3.1/../../../../arm-none-eabi/lib/libc.a(lib_a-__call_atexit.o)
                              /home/vinai/projects/toolchain/gcc-arm-none-eabi-10.3-2021.10/bin/../lib/gcc/arm-none-eabi/10.3.1/../../../../arm-none-eabi/lib/libc.a(lib_a-exit.o) (__call_exitprocs)
/home/vinai/projects/toolchain/gcc-arm-none-eabi-10.3-2021.10/bin/../lib/gcc/arm-none-eabi/10.3.1/../../../../arm-none-eabi/lib/libc.a(lib_a-atexit.o)
                              /home/vinai/projects/toolchain/gcc-arm-none-eabi-10.3-2021.10/bin/../lib/gcc/arm-none-eabi/10.3.1/../../../../arm-none-eabi/lib/libc.a(lib_a-__call_atexit.o) (atexit)
/home/vinai/projects/toolchain/gcc-arm-none-eabi-10.3-2021.10/bin/../lib/gcc/arm-none-eabi/10.3.1/../../../../arm-none-eabi/lib/libc.a(lib_a-fini.o)
                              /home/vinai/projects/toolchain/gcc-arm-none-eabi-10.3-2021.10/bin/../lib/gcc/arm-none-eabi/10.3.1/../../../../arm-none-eabi/lib/libc.a(lib_a-__call_atexit.o) (__libc_fini_array)
/home/vinai/projects/toolchain/gcc-arm-none-eabi-10.3-2021.10/bin/../lib/gcc/arm-none-eabi/10.3.1/../../../../arm-none-eabi/lib/libc.a(lib_a-lock.o)
                              /home/vinai/projects/toolchain/gcc-arm-none-eabi-10.3-2021.10/bin/../lib/gcc/arm-none-eabi/10.3.1/../../../../arm-none-eabi/lib/libc.a(lib_a-__atexit.o) (__retarget_lock_acquire_recursive)

Memory Configuration

Name             Origin             Length             Attributes
*default*        0x0000000000000000 0xffffffffffffffff

Linker script and memory map

LOAD /home/vinai/projects/toolchain/gcc-arm-none-eabi-10.3-2021.10/bin/../lib/gcc/arm-none-eabi/10.3.1/crti.o
LOAD /home/vinai/projects/toolchain/gcc-arm-none-eabi-10.3-2021.10/bin/../lib/gcc/arm-none-eabi/10.3.1/crtbegin.o
LOAD /home/vinai/projects/toolchain/gcc-arm-none-eabi-10.3-2021.10/bin/../lib/gcc/arm-none-eabi/10.3.1/../../../../arm-none-eabi/lib/crt0.o
LOAD app.o
LOAD syscall.o
LOAD /home/vinai/projects/toolchain/gcc-arm-none-eabi-10.3-2021.10/bin/../lib/gcc/arm-none-eabi/10.3.1/../../../../arm-none-eabi/lib/libstdc++.a
LOAD /home/vinai/projects/toolchain/gcc-arm-none-eabi-10.3-2021.10/bin/../lib/gcc/arm-none-eabi/10.3.1/../../../../arm-none-eabi/lib/libm.a
START GROUP
LOAD /home/vinai/projects/toolchain/gcc-arm-none-eabi-10.3-2021.10/bin/../lib/gcc/arm-none-eabi/10.3.1/libgcc.a
LOAD /home/vinai/projects/toolchain/gcc-arm-none-eabi-10.3-2021.10/bin/../lib/gcc/arm-none-eabi/10.3.1/../../../../arm-none-eabi/lib/libc.a
END GROUP
LOAD /home/vinai/projects/toolchain/gcc-arm-none-eabi-10.3-2021.10/bin/../lib/gcc/arm-none-eabi/10.3.1/crtend.o
LOAD /home/vinai/projects/toolchain/gcc-arm-none-eabi-10.3-2021.10/bin/../lib/gcc/arm-none-eabi/10.3.1/crtn.o
                [!provide]                        PROVIDE (__executable_start = SEGMENT_START ("text-segment", 0x8000))
                0x0000000000008000                . = SEGMENT_START ("text-segment", 0x8000)

.interp
 *(.interp)

.note.gnu.build-id
 *(.note.gnu.build-id)

.hash
 *(.hash)

.gnu.hash
 *(.gnu.hash)

.dynsym
 *(.dynsym)

.dynstr
 *(.dynstr)

.gnu.version
 *(.gnu.version)

.gnu.version_d
 *(.gnu.version_d)

.gnu.version_r
 *(.gnu.version_r)

.rel.dyn        0x0000000000008000        0x0
 *(.rel.init)
 *(.rel.text .rel.text.* .rel.gnu.linkonce.t.*)
 *(.rel.fini)
 *(.rel.rodata .rel.rodata.* .rel.gnu.linkonce.r.*)
 *(.rel.data.rel.ro .rel.data.rel.ro.* .rel.gnu.linkonce.d.rel.ro.*)
 *(.rel.data .rel.data.* .rel.gnu.linkonce.d.*)
 *(.rel.tdata .rel.tdata.* .rel.gnu.linkonce.td.*)
 *(.rel.tbss .rel.tbss.* .rel.gnu.linkonce.tb.*)
 *(.rel.ctors)
 *(.rel.dtors)
 *(.rel.got)
 *(.rel.bss .rel.bss.* .rel.gnu.linkonce.b.*)
                [!provide]                        PROVIDE (__rel_iplt_start = .)
 *(.rel.iplt)
 .rel.iplt      0x0000000000008000        0x0 /home/vinai/projects/toolchain/gcc-arm-none-eabi-10.3-2021.10/bin/../lib/gcc/arm-none-eabi/10.3.1/crtbegin.o
                [!provide]                        PROVIDE (__rel_iplt_end = .)

.rela.dyn       0x0000000000008000        0x0
 *(.rela.init)
 *(.rela.text .rela.text.* .rela.gnu.linkonce.t.*)
 *(.rela.fini)
 *(.rela.rodata .rela.rodata.* .rela.gnu.linkonce.r.*)
 *(.rela.data .rela.data.* .rela.gnu.linkonce.d.*)
 *(.rela.tdata .rela.tdata.* .rela.gnu.linkonce.td.*)
 *(.rela.tbss .rela.tbss.* .rela.gnu.linkonce.tb.*)
 *(.rela.ctors)
 *(.rela.dtors)
 *(.rela.got)
 *(.rela.bss .rela.bss.* .rela.gnu.linkonce.b.*)
                [!provide]                        PROVIDE (__rela_iplt_start = .)
 *(.rela.iplt)
                [!provide]                        PROVIDE (__rela_iplt_end = .)

.rel.plt
 *(.rel.plt)

.rela.plt
 *(.rela.plt)

.init           0x0000000000008000       0x18
 *(SORT_NONE(.init))
 .init          0x0000000000008000        0xc /home/vinai/projects/toolchain/gcc-arm-none-eabi-10.3-2021.10/bin/../lib/gcc/arm-none-eabi/10.3.1/crti.o
                0x0000000000008000                _init
 .init          0x000000000000800c        0xc /home/vinai/projects/toolchain/gcc-arm-none-eabi-10.3-2021.10/bin/../lib/gcc/arm-none-eabi/10.3.1/crtn.o

.plt
 *(.plt)

.iplt           0x0000000000008018        0x0
 *(.iplt)
 .iplt          0x0000000000008018        0x0 /home/vinai/projects/toolchain/gcc-arm-none-eabi-10.3-2021.10/bin/../lib/gcc/arm-none-eabi/10.3.1/crtbegin.o

.text           0x0000000000008018      0x7f8
 *(.text.unlikely .text.*_unlikely .text.unlikely.*)
 *(.text.exit .text.exit.*)
 .text.exit     0x0000000000008018       0x34 /home/vinai/projects/toolchain/gcc-arm-none-eabi-10.3-2021.10/bin/../lib/gcc/arm-none-eabi/10.3.1/../../../../arm-none-eabi/lib/libc.a(lib_a-exit.o)
                0x0000000000008018                exit
 *(.text.startup .text.startup.*)
 .text.startup.register_fini
                0x000000000000804c       0x28 /home/vinai/projects/toolchain/gcc-arm-none-eabi-10.3-2021.10/bin/../lib/gcc/arm-none-eabi/10.3.1/../../../../arm-none-eabi/lib/libc.a(lib_a-__call_atexit.o)
 *(.text.hot .text.hot.*)
 *(SORT_BY_NAME(.text.sorted.*))
 *(.text .stub .text.* .gnu.linkonce.t.*)
 .text          0x0000000000008074        0x0 /home/vinai/projects/toolchain/gcc-arm-none-eabi-10.3-2021.10/bin/../lib/gcc/arm-none-eabi/10.3.1/crti.o
 .text          0x0000000000008074       0x70 /home/vinai/projects/toolchain/gcc-arm-none-eabi-10.3-2021.10/bin/../lib/gcc/arm-none-eabi/10.3.1/crtbegin.o
 .text          0x00000000000080e4      0x138 /home/vinai/projects/toolchain/gcc-arm-none-eabi-10.3-2021.10/bin/../lib/gcc/arm-none-eabi/10.3.1/../../../../arm-none-eabi/lib/crt0.o
                0x00000000000080e4                _stack_init
                0x000000000000816c                _mainCRTStartup
                0x000000000000816c                _start
 .text          0x000000000000821c      0x164 app.o
                0x000000000000821c                square::getSide()
                0x0000000000008244                square::square()
                0x0000000000008244                square::square()
                0x0000000000008274                square::square(int)
                0x0000000000008274                square::square(int)
                0x00000000000082a8                square::~square()
                0x00000000000082a8                square::~square()
                0x00000000000082d8                main
 .text          0x0000000000008380       0x20 syscall.o
                0x0000000000008380                _exit
 .text          0x00000000000083a0        0x0 /home/vinai/projects/toolchain/gcc-arm-none-eabi-10.3-2021.10/bin/../lib/gcc/arm-none-eabi/10.3.1/../../../../arm-none-eabi/lib/libstdc++.a(atexit_arm.o)
 .text.__aeabi_atexit
                0x00000000000083a0       0x1c /home/vinai/projects/toolchain/gcc-arm-none-eabi-10.3-2021.10/bin/../lib/gcc/arm-none-eabi/10.3.1/../../../../arm-none-eabi/lib/libstdc++.a(atexit_arm.o)
                0x00000000000083a0                __aeabi_atexit
 .text          0x00000000000083bc        0x0 /home/vinai/projects/toolchain/gcc-arm-none-eabi-10.3-2021.10/bin/../lib/gcc/arm-none-eabi/10.3.1/../../../../arm-none-eabi/lib/libc.a(lib_a-cxa_atexit.o)
 .text.__cxa_atexit
                0x00000000000083bc       0x28 /home/vinai/projects/toolchain/gcc-arm-none-eabi-10.3-2021.10/bin/../lib/gcc/arm-none-eabi/10.3.1/../../../../arm-none-eabi/lib/libc.a(lib_a-cxa_atexit.o)
                0x00000000000083bc                __cxa_atexit
 .text          0x00000000000083e4        0x0 /home/vinai/projects/toolchain/gcc-arm-none-eabi-10.3-2021.10/bin/../lib/gcc/arm-none-eabi/10.3.1/../../../../arm-none-eabi/lib/libc.a(lib_a-exit.o)
 .text          0x00000000000083e4        0x0 /home/vinai/projects/toolchain/gcc-arm-none-eabi-10.3-2021.10/bin/../lib/gcc/arm-none-eabi/10.3.1/../../../../arm-none-eabi/lib/libc.a(lib_a-impure.o)
 .text          0x00000000000083e4        0x0 /home/vinai/projects/toolchain/gcc-arm-none-eabi-10.3-2021.10/bin/../lib/gcc/arm-none-eabi/10.3.1/../../../../arm-none-eabi/lib/libc.a(lib_a-init.o)
 .text.__libc_init_array
                0x00000000000083e4       0x88 /home/vinai/projects/toolchain/gcc-arm-none-eabi-10.3-2021.10/bin/../lib/gcc/arm-none-eabi/10.3.1/../../../../arm-none-eabi/lib/libc.a(lib_a-init.o)
                0x00000000000083e4                __libc_init_array
 .text          0x000000000000846c        0x0 /home/vinai/projects/toolchain/gcc-arm-none-eabi-10.3-2021.10/bin/../lib/gcc/arm-none-eabi/10.3.1/../../../../arm-none-eabi/lib/libc.a(lib_a-memset.o)
 .text.memset   0x000000000000846c      0x11c /home/vinai/projects/toolchain/gcc-arm-none-eabi-10.3-2021.10/bin/../lib/gcc/arm-none-eabi/10.3.1/../../../../arm-none-eabi/lib/libc.a(lib_a-memset.o)
                0x000000000000846c                memset
 .text          0x0000000000008588        0x0 /home/vinai/projects/toolchain/gcc-arm-none-eabi-10.3-2021.10/bin/../lib/gcc/arm-none-eabi/10.3.1/../../../../arm-none-eabi/lib/libc.a(lib_a-__atexit.o)
 .text.__register_exitproc
                0x0000000000008588       0xbc /home/vinai/projects/toolchain/gcc-arm-none-eabi-10.3-2021.10/bin/../lib/gcc/arm-none-eabi/10.3.1/../../../../arm-none-eabi/lib/libc.a(lib_a-__atexit.o)
                0x0000000000008588                __register_exitproc
 .text          0x0000000000008644        0x0 /home/vinai/projects/toolchain/gcc-arm-none-eabi-10.3-2021.10/bin/../lib/gcc/arm-none-eabi/10.3.1/../../../../arm-none-eabi/lib/libc.a(lib_a-__call_atexit.o)
 .text.__call_exitprocs
                0x0000000000008644      0x138 /home/vinai/projects/toolchain/gcc-arm-none-eabi-10.3-2021.10/bin/../lib/gcc/arm-none-eabi/10.3.1/../../../../arm-none-eabi/lib/libc.a(lib_a-__call_atexit.o)
                0x0000000000008644                __call_exitprocs
 .text          0x000000000000877c        0x0 /home/vinai/projects/toolchain/gcc-arm-none-eabi-10.3-2021.10/bin/../lib/gcc/arm-none-eabi/10.3.1/../../../../arm-none-eabi/lib/libc.a(lib_a-atexit.o)
 .text.atexit   0x000000000000877c       0x20 /home/vinai/projects/toolchain/gcc-arm-none-eabi-10.3-2021.10/bin/../lib/gcc/arm-none-eabi/10.3.1/../../../../arm-none-eabi/lib/libc.a(lib_a-atexit.o)
                0x000000000000877c                atexit
 .text          0x000000000000879c        0x0 /home/vinai/projects/toolchain/gcc-arm-none-eabi-10.3-2021.10/bin/../lib/gcc/arm-none-eabi/10.3.1/../../../../arm-none-eabi/lib/libc.a(lib_a-fini.o)
 .text.__libc_fini_array
                0x000000000000879c       0x44 /home/vinai/projects/toolchain/gcc-arm-none-eabi-10.3-2021.10/bin/../lib/gcc/arm-none-eabi/10.3.1/../../../../arm-none-eabi/lib/libc.a(lib_a-fini.o)
                0x000000000000879c                __libc_fini_array
 .text          0x00000000000087e0        0x0 /home/vinai/projects/toolchain/gcc-arm-none-eabi-10.3-2021.10/bin/../lib/gcc/arm-none-eabi/10.3.1/../../../../arm-none-eabi/lib/libc.a(lib_a-lock.o)
 .text.__retarget_lock_init
                0x00000000000087e0        0x4 /home/vinai/projects/toolchain/gcc-arm-none-eabi-10.3-2021.10/bin/../lib/gcc/arm-none-eabi/10.3.1/../../../../arm-none-eabi/lib/libc.a(lib_a-lock.o)
                0x00000000000087e0                __retarget_lock_init
 .text.__retarget_lock_init_recursive
                0x00000000000087e4        0x4 /home/vinai/projects/toolchain/gcc-arm-none-eabi-10.3-2021.10/bin/../lib/gcc/arm-none-eabi/10.3.1/../../../../arm-none-eabi/lib/libc.a(lib_a-lock.o)
                0x00000000000087e4                __retarget_lock_init_recursive
 .text.__retarget_lock_close
                0x00000000000087e8        0x4 /home/vinai/projects/toolchain/gcc-arm-none-eabi-10.3-2021.10/bin/../lib/gcc/arm-none-eabi/10.3.1/../../../../arm-none-eabi/lib/libc.a(lib_a-lock.o)
                0x00000000000087e8                __retarget_lock_close
 .text.__retarget_lock_close_recursive
                0x00000000000087ec        0x4 /home/vinai/projects/toolchain/gcc-arm-none-eabi-10.3-2021.10/bin/../lib/gcc/arm-none-eabi/10.3.1/../../../../arm-none-eabi/lib/libc.a(lib_a-lock.o)
                0x00000000000087ec                __retarget_lock_close_recursive
 .text.__retarget_lock_acquire
                0x00000000000087f0        0x4 /home/vinai/projects/toolchain/gcc-arm-none-eabi-10.3-2021.10/bin/../lib/gcc/arm-none-eabi/10.3.1/../../../../arm-none-eabi/lib/libc.a(lib_a-lock.o)
                0x00000000000087f0                __retarget_lock_acquire
 .text.__retarget_lock_acquire_recursive
                0x00000000000087f4        0x4 /home/vinai/projects/toolchain/gcc-arm-none-eabi-10.3-2021.10/bin/../lib/gcc/arm-none-eabi/10.3.1/../../../../arm-none-eabi/lib/libc.a(lib_a-lock.o)
                0x00000000000087f4                __retarget_lock_acquire_recursive
 .text.__retarget_lock_try_acquire
                0x00000000000087f8        0x8 /home/vinai/projects/toolchain/gcc-arm-none-eabi-10.3-2021.10/bin/../lib/gcc/arm-none-eabi/10.3.1/../../../../arm-none-eabi/lib/libc.a(lib_a-lock.o)
                0x00000000000087f8                __retarget_lock_try_acquire
 .text.__retarget_lock_try_acquire_recursive
                0x0000000000008800        0x8 /home/vinai/projects/toolchain/gcc-arm-none-eabi-10.3-2021.10/bin/../lib/gcc/arm-none-eabi/10.3.1/../../../../arm-none-eabi/lib/libc.a(lib_a-lock.o)
                0x0000000000008800                __retarget_lock_try_acquire_recursive
 .text.__retarget_lock_release
                0x0000000000008808        0x4 /home/vinai/projects/toolchain/gcc-arm-none-eabi-10.3-2021.10/bin/../lib/gcc/arm-none-eabi/10.3.1/../../../../arm-none-eabi/lib/libc.a(lib_a-lock.o)
                0x0000000000008808                __retarget_lock_release
 .text.__retarget_lock_release_recursive
                0x000000000000880c        0x4 /home/vinai/projects/toolchain/gcc-arm-none-eabi-10.3-2021.10/bin/../lib/gcc/arm-none-eabi/10.3.1/../../../../arm-none-eabi/lib/libc.a(lib_a-lock.o)
                0x000000000000880c                __retarget_lock_release_recursive
 .text          0x0000000000008810        0x0 /home/vinai/projects/toolchain/gcc-arm-none-eabi-10.3-2021.10/bin/../lib/gcc/arm-none-eabi/10.3.1/crtend.o
 .text          0x0000000000008810        0x0 /home/vinai/projects/toolchain/gcc-arm-none-eabi-10.3-2021.10/bin/../lib/gcc/arm-none-eabi/10.3.1/crtn.o
 *(.gnu.warning)
 *(.glue_7t)
 .glue_7t       0x0000000000008810        0x0 linker stubs
 *(.glue_7)
 .glue_7        0x0000000000008810        0x0 linker stubs
 *(.vfp11_veneer)
 .vfp11_veneer  0x0000000000008810        0x0 linker stubs
 *(.v4_bx)
 .v4_bx         0x0000000000008810        0x0 linker stubs

.fini           0x0000000000008810       0x18
 *(SORT_NONE(.fini))
 .fini          0x0000000000008810        0xc /home/vinai/projects/toolchain/gcc-arm-none-eabi-10.3-2021.10/bin/../lib/gcc/arm-none-eabi/10.3.1/crti.o
                0x0000000000008810                _fini
 .fini          0x000000000000881c        0xc /home/vinai/projects/toolchain/gcc-arm-none-eabi-10.3-2021.10/bin/../lib/gcc/arm-none-eabi/10.3.1/crtn.o
                [!provide]                        PROVIDE (__etext = .)
                [!provide]                        PROVIDE (_etext = .)
                [!provide]                        PROVIDE (etext = .)

.rodata         0x0000000000008828       0x4c
 *(.rodata .rodata.* .gnu.linkonce.r.*)
 .rodata        0x0000000000008828       0x24 /home/vinai/projects/toolchain/gcc-arm-none-eabi-10.3-2021.10/bin/../lib/gcc/arm-none-eabi/10.3.1/crtbegin.o
 .rodata._global_impure_ptr
                0x000000000000884c        0x4 /home/vinai/projects/toolchain/gcc-arm-none-eabi-10.3-2021.10/bin/../lib/gcc/arm-none-eabi/10.3.1/../../../../arm-none-eabi/lib/libc.a(lib_a-impure.o)
                0x000000000000884c                _global_impure_ptr
 .rodata        0x0000000000008850       0x24 /home/vinai/projects/toolchain/gcc-arm-none-eabi-10.3-2021.10/bin/../lib/gcc/arm-none-eabi/10.3.1/crtend.o

.rodata1
 *(.rodata1)

.ARM.extab      0x0000000000008874        0x0
 *(.ARM.extab* .gnu.linkonce.armextab.*)
 .ARM.extab     0x0000000000008874        0x0 /home/vinai/projects/toolchain/gcc-arm-none-eabi-10.3-2021.10/bin/../lib/gcc/arm-none-eabi/10.3.1/../../../../arm-none-eabi/lib/crt0.o
 .ARM.extab     0x0000000000008874        0x0 app.o
 .ARM.extab     0x0000000000008874        0x0 syscall.o
 .ARM.extab.text.__aeabi_atexit
                0x0000000000008874        0x0 /home/vinai/projects/toolchain/gcc-arm-none-eabi-10.3-2021.10/bin/../lib/gcc/arm-none-eabi/10.3.1/../../../../arm-none-eabi/lib/libstdc++.a(atexit_arm.o)

.ARM.exidx      0x0000000000008874        0x8
                [!provide]                        PROVIDE (__exidx_start = .)
 *(.ARM.exidx* .gnu.linkonce.armexidx.*)
 .ARM.exidx     0x0000000000008874        0x8 /home/vinai/projects/toolchain/gcc-arm-none-eabi-10.3-2021.10/bin/../lib/gcc/arm-none-eabi/10.3.1/../../../../arm-none-eabi/lib/crt0.o
                                         0x10 (size before relaxing)
 .ARM.exidx     0x000000000000887c        0x0 app.o
                                         0x38 (size before relaxing)
 .ARM.exidx     0x000000000000887c        0x0 syscall.o
                                          0x8 (size before relaxing)
 .ARM.exidx.text.__aeabi_atexit
                0x000000000000887c        0x0 /home/vinai/projects/toolchain/gcc-arm-none-eabi-10.3-2021.10/bin/../lib/gcc/arm-none-eabi/10.3.1/../../../../arm-none-eabi/lib/libstdc++.a(atexit_arm.o)
                                          0x8 (size before relaxing)
                [!provide]                        PROVIDE (__exidx_end = .)

.eh_frame_hdr
 *(.eh_frame_hdr)
 *(.eh_frame_entry .eh_frame_entry.*)

.eh_frame       0x000000000000887c        0x4
 *(.eh_frame)
 .eh_frame      0x000000000000887c        0x0 /home/vinai/projects/toolchain/gcc-arm-none-eabi-10.3-2021.10/bin/../lib/gcc/arm-none-eabi/10.3.1/crtbegin.o
 .eh_frame      0x000000000000887c        0x4 /home/vinai/projects/toolchain/gcc-arm-none-eabi-10.3-2021.10/bin/../lib/gcc/arm-none-eabi/10.3.1/crtend.o
 *(.eh_frame.*)

.gcc_except_table
 *(.gcc_except_table .gcc_except_table.*)

.gnu_extab
 *(.gnu_extab*)

.exception_ranges
 *(.exception_ranges*)
                0x0000000000018880                . = (ALIGN (CONSTANT (MAXPAGESIZE)) + (. & (CONSTANT (MAXPAGESIZE) - 0x1)))

.eh_frame
 *(.eh_frame)
 *(.eh_frame.*)

.gnu_extab
 *(.gnu_extab)

.gcc_except_table
 *(.gcc_except_table .gcc_except_table.*)

.exception_ranges
 *(.exception_ranges*)

.tdata          0x0000000000018880        0x0
                [!provide]                        PROVIDE (__tdata_start = .)
 *(.tdata .tdata.* .gnu.linkonce.td.*)

.tbss
 *(.tbss .tbss.* .gnu.linkonce.tb.*)
 *(.tcommon)

.preinit_array  0x0000000000018880        0x0
                0x0000000000018880                PROVIDE (__preinit_array_start = .)
 *(.preinit_array)
                0x0000000000018880                PROVIDE (__preinit_array_end = .)

.init_array     0x0000000000018880        0xc
                0x0000000000018880                PROVIDE (__init_array_start = .)
 *(SORT_BY_INIT_PRIORITY(.init_array.*) SORT_BY_INIT_PRIORITY(.ctors.*))
 .init_array.00000
                0x0000000000018880        0x4 /home/vinai/projects/toolchain/gcc-arm-none-eabi-10.3-2021.10/bin/../lib/gcc/arm-none-eabi/10.3.1/../../../../arm-none-eabi/lib/libc.a(lib_a-__call_atexit.o)
 *(.init_array EXCLUDE_FILE(*crtend?.o *crtend.o *crtbegin?.o *crtbegin.o) .ctors)
 .init_array    0x0000000000018884        0x4 /home/vinai/projects/toolchain/gcc-arm-none-eabi-10.3-2021.10/bin/../lib/gcc/arm-none-eabi/10.3.1/crtbegin.o
 .init_array    0x0000000000018888        0x4 app.o
                0x000000000001888c                PROVIDE (__init_array_end = .)

.fini_array     0x000000000001888c        0x4
                0x000000000001888c                PROVIDE (__fini_array_start = .)
 *(SORT_BY_INIT_PRIORITY(.fini_array.*) SORT_BY_INIT_PRIORITY(.dtors.*))
 *(.fini_array EXCLUDE_FILE(*crtend?.o *crtend.o *crtbegin?.o *crtbegin.o) .dtors)
 .fini_array    0x000000000001888c        0x4 /home/vinai/projects/toolchain/gcc-arm-none-eabi-10.3-2021.10/bin/../lib/gcc/arm-none-eabi/10.3.1/crtbegin.o
                0x0000000000018890                PROVIDE (__fini_array_end = .)

.ctors
 *crtbegin.o(.ctors)
 *crtbegin?.o(.ctors)
 *(EXCLUDE_FILE(*crtend?.o *crtend.o) .ctors)
 *(SORT_BY_NAME(.ctors.*))
 *(.ctors)

.dtors
 *crtbegin.o(.dtors)
 *crtbegin?.o(.dtors)
 *(EXCLUDE_FILE(*crtend?.o *crtend.o) .dtors)
 *(SORT_BY_NAME(.dtors.*))
 *(.dtors)

.jcr
 *(.jcr)

.data.rel.ro
 *(.data.rel.ro.local* .gnu.linkonce.d.rel.ro.local.*)
 *(.data.rel.ro .data.rel.ro.* .gnu.linkonce.d.rel.ro.*)

.dynamic
 *(.dynamic)

.got            0x0000000000018890        0x0
 *(.got.plt)
 *(.igot.plt)
 .igot.plt      0x0000000000018890        0x0 /home/vinai/projects/toolchain/gcc-arm-none-eabi-10.3-2021.10/bin/../lib/gcc/arm-none-eabi/10.3.1/crtbegin.o
 *(.got)
 *(.igot)

.data           0x0000000000018890      0x434
                0x0000000000018890                __data_start = .
 *(.data .data.* .gnu.linkonce.d.*)
 .data          0x0000000000018890        0x0 /home/vinai/projects/toolchain/gcc-arm-none-eabi-10.3-2021.10/bin/../lib/gcc/arm-none-eabi/10.3.1/crti.o
 .data          0x0000000000018890        0x4 /home/vinai/projects/toolchain/gcc-arm-none-eabi-10.3-2021.10/bin/../lib/gcc/arm-none-eabi/10.3.1/crtbegin.o
                0x0000000000018890                __dso_handle
 .data          0x0000000000018894        0x0 /home/vinai/projects/toolchain/gcc-arm-none-eabi-10.3-2021.10/bin/../lib/gcc/arm-none-eabi/10.3.1/../../../../arm-none-eabi/lib/crt0.o
 .data          0x0000000000018894        0x0 app.o
 .data          0x0000000000018894        0x0 syscall.o
 .data          0x0000000000018894        0x0 /home/vinai/projects/toolchain/gcc-arm-none-eabi-10.3-2021.10/bin/../lib/gcc/arm-none-eabi/10.3.1/../../../../arm-none-eabi/lib/libstdc++.a(atexit_arm.o)
 .data          0x0000000000018894        0x0 /home/vinai/projects/toolchain/gcc-arm-none-eabi-10.3-2021.10/bin/../lib/gcc/arm-none-eabi/10.3.1/../../../../arm-none-eabi/lib/libc.a(lib_a-cxa_atexit.o)
 .data          0x0000000000018894        0x0 /home/vinai/projects/toolchain/gcc-arm-none-eabi-10.3-2021.10/bin/../lib/gcc/arm-none-eabi/10.3.1/../../../../arm-none-eabi/lib/libc.a(lib_a-exit.o)
 .data          0x0000000000018894        0x0 /home/vinai/projects/toolchain/gcc-arm-none-eabi-10.3-2021.10/bin/../lib/gcc/arm-none-eabi/10.3.1/../../../../arm-none-eabi/lib/libc.a(lib_a-impure.o)
 .data._impure_ptr
                0x0000000000018894        0x4 /home/vinai/projects/toolchain/gcc-arm-none-eabi-10.3-2021.10/bin/../lib/gcc/arm-none-eabi/10.3.1/../../../../arm-none-eabi/lib/libc.a(lib_a-impure.o)
                0x0000000000018894                _impure_ptr
 .data.impure_data
                0x0000000000018898      0x428 /home/vinai/projects/toolchain/gcc-arm-none-eabi-10.3-2021.10/bin/../lib/gcc/arm-none-eabi/10.3.1/../../../../arm-none-eabi/lib/libc.a(lib_a-impure.o)
 .data          0x0000000000018cc0        0x0 /home/vinai/projects/toolchain/gcc-arm-none-eabi-10.3-2021.10/bin/../lib/gcc/arm-none-eabi/10.3.1/../../../../arm-none-eabi/lib/libc.a(lib_a-init.o)
 .data          0x0000000000018cc0        0x0 /home/vinai/projects/toolchain/gcc-arm-none-eabi-10.3-2021.10/bin/../lib/gcc/arm-none-eabi/10.3.1/../../../../arm-none-eabi/lib/libc.a(lib_a-memset.o)
 .data          0x0000000000018cc0        0x0 /home/vinai/projects/toolchain/gcc-arm-none-eabi-10.3-2021.10/bin/../lib/gcc/arm-none-eabi/10.3.1/../../../../arm-none-eabi/lib/libc.a(lib_a-__atexit.o)
 .data          0x0000000000018cc0        0x0 /home/vinai/projects/toolchain/gcc-arm-none-eabi-10.3-2021.10/bin/../lib/gcc/arm-none-eabi/10.3.1/../../../../arm-none-eabi/lib/libc.a(lib_a-__call_atexit.o)
 .data.__atexit_recursive_mutex
                0x0000000000018cc0        0x4 /home/vinai/projects/toolchain/gcc-arm-none-eabi-10.3-2021.10/bin/../lib/gcc/arm-none-eabi/10.3.1/../../../../arm-none-eabi/lib/libc.a(lib_a-__call_atexit.o)
                0x0000000000018cc0                __atexit_recursive_mutex
 .data          0x0000000000018cc4        0x0 /home/vinai/projects/toolchain/gcc-arm-none-eabi-10.3-2021.10/bin/../lib/gcc/arm-none-eabi/10.3.1/../../../../arm-none-eabi/lib/libc.a(lib_a-atexit.o)
 .data          0x0000000000018cc4        0x0 /home/vinai/projects/toolchain/gcc-arm-none-eabi-10.3-2021.10/bin/../lib/gcc/arm-none-eabi/10.3.1/../../../../arm-none-eabi/lib/libc.a(lib_a-fini.o)
 .data          0x0000000000018cc4        0x0 /home/vinai/projects/toolchain/gcc-arm-none-eabi-10.3-2021.10/bin/../lib/gcc/arm-none-eabi/10.3.1/../../../../arm-none-eabi/lib/libc.a(lib_a-lock.o)
 .data          0x0000000000018cc4        0x0 /home/vinai/projects/toolchain/gcc-arm-none-eabi-10.3-2021.10/bin/../lib/gcc/arm-none-eabi/10.3.1/crtend.o
 .data          0x0000000000018cc4        0x0 /home/vinai/projects/toolchain/gcc-arm-none-eabi-10.3-2021.10/bin/../lib/gcc/arm-none-eabi/10.3.1/crtn.o

.data1
 *(.data1)
                0x0000000000018cc4                _edata = .
                [!provide]                        PROVIDE (edata = .)

.persistent     0x0000000000018cc4        0x0
                0x0000000000018cc4                . = ALIGN (0x4)
                [!provide]                        PROVIDE (__persistent_start = .)
 *(.persistent .persistent.* .gnu.linkonce.p.*)
                0x0000000000018cc4                . = ALIGN (0x4)
                [!provide]                        PROVIDE (__persistent_end = .)
                0x0000000000018cc4                . = .
                0x0000000000018cc4                __bss_start = .
                0x0000000000018cc4                __bss_start__ = .

.bss            0x0000000000018cc4       0x44
 *(.dynbss)
 *(.bss .bss.* .gnu.linkonce.b.*)
 .bss           0x0000000000018cc4        0x0 /home/vinai/projects/toolchain/gcc-arm-none-eabi-10.3-2021.10/bin/../lib/gcc/arm-none-eabi/10.3.1/crti.o
 .bss           0x0000000000018cc4       0x1c /home/vinai/projects/toolchain/gcc-arm-none-eabi-10.3-2021.10/bin/../lib/gcc/arm-none-eabi/10.3.1/crtbegin.o
 .bss           0x0000000000018ce0        0x0 /home/vinai/projects/toolchain/gcc-arm-none-eabi-10.3-2021.10/bin/../lib/gcc/arm-none-eabi/10.3.1/../../../../arm-none-eabi/lib/crt0.o
 .bss           0x0000000000018ce0        0x4 app.o
                0x0000000000018ce0                s1
 .bss           0x0000000000018ce4        0x0 syscall.o
 .bss           0x0000000000018ce4        0x0 /home/vinai/projects/toolchain/gcc-arm-none-eabi-10.3-2021.10/bin/../lib/gcc/arm-none-eabi/10.3.1/../../../../arm-none-eabi/lib/libstdc++.a(atexit_arm.o)
 .bss           0x0000000000018ce4        0x0 /home/vinai/projects/toolchain/gcc-arm-none-eabi-10.3-2021.10/bin/../lib/gcc/arm-none-eabi/10.3.1/../../../../arm-none-eabi/lib/libc.a(lib_a-cxa_atexit.o)
 .bss           0x0000000000018ce4        0x0 /home/vinai/projects/toolchain/gcc-arm-none-eabi-10.3-2021.10/bin/../lib/gcc/arm-none-eabi/10.3.1/../../../../arm-none-eabi/lib/libc.a(lib_a-exit.o)
 .bss           0x0000000000018ce4        0x0 /home/vinai/projects/toolchain/gcc-arm-none-eabi-10.3-2021.10/bin/../lib/gcc/arm-none-eabi/10.3.1/../../../../arm-none-eabi/lib/libc.a(lib_a-impure.o)
 .bss           0x0000000000018ce4        0x0 /home/vinai/projects/toolchain/gcc-arm-none-eabi-10.3-2021.10/bin/../lib/gcc/arm-none-eabi/10.3.1/../../../../arm-none-eabi/lib/libc.a(lib_a-init.o)
 .bss           0x0000000000018ce4        0x0 /home/vinai/projects/toolchain/gcc-arm-none-eabi-10.3-2021.10/bin/../lib/gcc/arm-none-eabi/10.3.1/../../../../arm-none-eabi/lib/libc.a(lib_a-memset.o)
 .bss           0x0000000000018ce4        0x0 /home/vinai/projects/toolchain/gcc-arm-none-eabi-10.3-2021.10/bin/../lib/gcc/arm-none-eabi/10.3.1/../../../../arm-none-eabi/lib/libc.a(lib_a-__atexit.o)
 .bss           0x0000000000018ce4        0x0 /home/vinai/projects/toolchain/gcc-arm-none-eabi-10.3-2021.10/bin/../lib/gcc/arm-none-eabi/10.3.1/../../../../arm-none-eabi/lib/libc.a(lib_a-__call_atexit.o)
 .bss           0x0000000000018ce4        0x0 /home/vinai/projects/toolchain/gcc-arm-none-eabi-10.3-2021.10/bin/../lib/gcc/arm-none-eabi/10.3.1/../../../../arm-none-eabi/lib/libc.a(lib_a-atexit.o)
 .bss           0x0000000000018ce4        0x0 /home/vinai/projects/toolchain/gcc-arm-none-eabi-10.3-2021.10/bin/../lib/gcc/arm-none-eabi/10.3.1/../../../../arm-none-eabi/lib/libc.a(lib_a-fini.o)
 .bss           0x0000000000018ce4        0x0 /home/vinai/projects/toolchain/gcc-arm-none-eabi-10.3-2021.10/bin/../lib/gcc/arm-none-eabi/10.3.1/../../../../arm-none-eabi/lib/libc.a(lib_a-lock.o)
 .bss.__lock___arc4random_mutex
                0x0000000000018ce4        0x1 /home/vinai/projects/toolchain/gcc-arm-none-eabi-10.3-2021.10/bin/../lib/gcc/arm-none-eabi/10.3.1/../../../../arm-none-eabi/lib/libc.a(lib_a-lock.o)
                0x0000000000018ce4                __lock___arc4random_mutex
 *fill*         0x0000000000018ce5        0x3 
 .bss.__lock___at_quick_exit_mutex
                0x0000000000018ce8        0x1 /home/vinai/projects/toolchain/gcc-arm-none-eabi-10.3-2021.10/bin/../lib/gcc/arm-none-eabi/10.3.1/../../../../arm-none-eabi/lib/libc.a(lib_a-lock.o)
                0x0000000000018ce8                __lock___at_quick_exit_mutex
 *fill*         0x0000000000018ce9        0x3 
 .bss.__lock___atexit_recursive_mutex
                0x0000000000018cec        0x1 /home/vinai/projects/toolchain/gcc-arm-none-eabi-10.3-2021.10/bin/../lib/gcc/arm-none-eabi/10.3.1/../../../../arm-none-eabi/lib/libc.a(lib_a-lock.o)
                0x0000000000018cec                __lock___atexit_recursive_mutex
 *fill*         0x0000000000018ced        0x3 
 .bss.__lock___dd_hash_mutex
                0x0000000000018cf0        0x1 /home/vinai/projects/toolchain/gcc-arm-none-eabi-10.3-2021.10/bin/../lib/gcc/arm-none-eabi/10.3.1/../../../../arm-none-eabi/lib/libc.a(lib_a-lock.o)
                0x0000000000018cf0                __lock___dd_hash_mutex
 *fill*         0x0000000000018cf1        0x3 
 .bss.__lock___env_recursive_mutex
                0x0000000000018cf4        0x1 /home/vinai/projects/toolchain/gcc-arm-none-eabi-10.3-2021.10/bin/../lib/gcc/arm-none-eabi/10.3.1/../../../../arm-none-eabi/lib/libc.a(lib_a-lock.o)
                0x0000000000018cf4                __lock___env_recursive_mutex
 *fill*         0x0000000000018cf5        0x3 
 .bss.__lock___malloc_recursive_mutex
                0x0000000000018cf8        0x1 /home/vinai/projects/toolchain/gcc-arm-none-eabi-10.3-2021.10/bin/../lib/gcc/arm-none-eabi/10.3.1/../../../../arm-none-eabi/lib/libc.a(lib_a-lock.o)
                0x0000000000018cf8                __lock___malloc_recursive_mutex
 *fill*         0x0000000000018cf9        0x3 
 .bss.__lock___sfp_recursive_mutex
                0x0000000000018cfc        0x1 /home/vinai/projects/toolchain/gcc-arm-none-eabi-10.3-2021.10/bin/../lib/gcc/arm-none-eabi/10.3.1/../../../../arm-none-eabi/lib/libc.a(lib_a-lock.o)
                0x0000000000018cfc                __lock___sfp_recursive_mutex
 *fill*         0x0000000000018cfd        0x3 
 .bss.__lock___sinit_recursive_mutex
                0x0000000000018d00        0x1 /home/vinai/projects/toolchain/gcc-arm-none-eabi-10.3-2021.10/bin/../lib/gcc/arm-none-eabi/10.3.1/../../../../arm-none-eabi/lib/libc.a(lib_a-lock.o)
                0x0000000000018d00                __lock___sinit_recursive_mutex
 *fill*         0x0000000000018d01        0x3 
 .bss.__lock___tz_mutex
                0x0000000000018d04        0x1 /home/vinai/projects/toolchain/gcc-arm-none-eabi-10.3-2021.10/bin/../lib/gcc/arm-none-eabi/10.3.1/../../../../arm-none-eabi/lib/libc.a(lib_a-lock.o)
                0x0000000000018d04                __lock___tz_mutex
 .bss           0x0000000000018d05        0x0 /home/vinai/projects/toolchain/gcc-arm-none-eabi-10.3-2021.10/bin/../lib/gcc/arm-none-eabi/10.3.1/crtend.o
 .bss           0x0000000000018d05        0x0 /home/vinai/projects/toolchain/gcc-arm-none-eabi-10.3-2021.10/bin/../lib/gcc/arm-none-eabi/10.3.1/crtn.o
 *(COMMON)
                0x0000000000018d08                . = ALIGN ((. != 0x0)?0x4:0x1)
 *fill*         0x0000000000018d05        0x3 
                0x0000000000018d08                _bss_end__ = .
                0x0000000000018d08                __bss_end__ = .

.noinit         0x0000000000018d08        0x0
                0x0000000000018d08                . = ALIGN (0x4)
                [!provide]                        PROVIDE (__noinit_start = .)
 *(.noinit .noinit.* .gnu.linkonce.n.*)
                0x0000000000018d08                . = ALIGN (0x4)
                [!provide]                        PROVIDE (__noinit_end = .)
                0x0000000000018d08                . = ALIGN (0x4)
                0x0000000000018d08                . = SEGMENT_START ("ldata-segment", .)
                0x0000000000018d08                . = ALIGN (0x4)
                0x0000000000018d08                __end__ = .
                0x0000000000018d08                _end = .
                [!provide]                        PROVIDE (end = .)

.stack          0x0000000000080000        0x0
                0x0000000000080000                _stack = .
 *(.stack)

.stab
 *(.stab)

.stabstr
 *(.stabstr)

.stab.excl
 *(.stab.excl)

.stab.exclstr
 *(.stab.exclstr)

.stab.index
 *(.stab.index)

.stab.indexstr
 *(.stab.indexstr)

.comment        0x0000000000000000       0x49
 *(.comment)
 .comment       0x0000000000000000       0x49 app.o
                                         0x4a (size before relaxing)
 .comment       0x0000000000000049       0x4a syscall.o

.gnu.build.attributes
 *(.gnu.build.attributes .gnu.build.attributes.*)

.debug
 *(.debug)

.line
 *(.line)

.debug_srcinfo
 *(.debug_srcinfo)

.debug_sfnames
 *(.debug_sfnames)

.debug_aranges
 *(.debug_aranges)

.debug_pubnames
 *(.debug_pubnames)

.debug_info
 *(.debug_info .gnu.linkonce.wi.*)

.debug_abbrev
 *(.debug_abbrev)

.debug_line
 *(.debug_line .debug_line.* .debug_line_end)

.debug_frame    0x0000000000000000      0x2b0
 *(.debug_frame)
 .debug_frame   0x0000000000000000       0x2c /home/vinai/projects/toolchain/gcc-arm-none-eabi-10.3-2021.10/bin/../lib/gcc/arm-none-eabi/10.3.1/../../../../arm-none-eabi/lib/libstdc++.a(atexit_arm.o)
 .debug_frame   0x000000000000002c       0x2c /home/vinai/projects/toolchain/gcc-arm-none-eabi-10.3-2021.10/bin/../lib/gcc/arm-none-eabi/10.3.1/../../../../arm-none-eabi/lib/libc.a(lib_a-cxa_atexit.o)
 .debug_frame   0x0000000000000058       0x28 /home/vinai/projects/toolchain/gcc-arm-none-eabi-10.3-2021.10/bin/../lib/gcc/arm-none-eabi/10.3.1/../../../../arm-none-eabi/lib/libc.a(lib_a-exit.o)
 .debug_frame   0x0000000000000080       0x34 /home/vinai/projects/toolchain/gcc-arm-none-eabi-10.3-2021.10/bin/../lib/gcc/arm-none-eabi/10.3.1/../../../../arm-none-eabi/lib/libc.a(lib_a-init.o)
 .debug_frame   0x00000000000000b4       0x48 /home/vinai/projects/toolchain/gcc-arm-none-eabi-10.3-2021.10/bin/../lib/gcc/arm-none-eabi/10.3.1/../../../../arm-none-eabi/lib/libc.a(lib_a-memset.o)
 .debug_frame   0x00000000000000fc       0x3c /home/vinai/projects/toolchain/gcc-arm-none-eabi-10.3-2021.10/bin/../lib/gcc/arm-none-eabi/10.3.1/../../../../arm-none-eabi/lib/libc.a(lib_a-__atexit.o)
 .debug_frame   0x0000000000000138       0x68 /home/vinai/projects/toolchain/gcc-arm-none-eabi-10.3-2021.10/bin/../lib/gcc/arm-none-eabi/10.3.1/../../../../arm-none-eabi/lib/libc.a(lib_a-__call_atexit.o)
 .debug_frame   0x00000000000001a0       0x2c /home/vinai/projects/toolchain/gcc-arm-none-eabi-10.3-2021.10/bin/../lib/gcc/arm-none-eabi/10.3.1/../../../../arm-none-eabi/lib/libc.a(lib_a-atexit.o)
 .debug_frame   0x00000000000001cc       0x34 /home/vinai/projects/toolchain/gcc-arm-none-eabi-10.3-2021.10/bin/../lib/gcc/arm-none-eabi/10.3.1/../../../../arm-none-eabi/lib/libc.a(lib_a-fini.o)
 .debug_frame   0x0000000000000200       0xb0 /home/vinai/projects/toolchain/gcc-arm-none-eabi-10.3-2021.10/bin/../lib/gcc/arm-none-eabi/10.3.1/../../../../arm-none-eabi/lib/libc.a(lib_a-lock.o)

.debug_str
 *(.debug_str)

.debug_loc
 *(.debug_loc)

.debug_macinfo
 *(.debug_macinfo)

.debug_weaknames
 *(.debug_weaknames)

.debug_funcnames
 *(.debug_funcnames)

.debug_typenames
 *(.debug_typenames)

.debug_varnames
 *(.debug_varnames)

.debug_pubtypes
 *(.debug_pubtypes)

.debug_ranges
 *(.debug_ranges)

.debug_addr
 *(.debug_addr)

.debug_line_str
 *(.debug_line_str)

.debug_loclists
 *(.debug_loclists)

.debug_macro
 *(.debug_macro)

.debug_names
 *(.debug_names)

.debug_rnglists
 *(.debug_rnglists)

.debug_str_offsets
 *(.debug_str_offsets)

.debug_sup
 *(.debug_sup)

.ARM.attributes
                0x0000000000000000       0x26
 *(.ARM.attributes)
 .ARM.attributes
                0x0000000000000000       0x1c /home/vinai/projects/toolchain/gcc-arm-none-eabi-10.3-2021.10/bin/../lib/gcc/arm-none-eabi/10.3.1/crti.o
 .ARM.attributes
                0x000000000000001c       0x2a /home/vinai/projects/toolchain/gcc-arm-none-eabi-10.3-2021.10/bin/../lib/gcc/arm-none-eabi/10.3.1/crtbegin.o
 .ARM.attributes
                0x0000000000000046       0x1a /home/vinai/projects/toolchain/gcc-arm-none-eabi-10.3-2021.10/bin/../lib/gcc/arm-none-eabi/10.3.1/../../../../arm-none-eabi/lib/crt0.o
 .ARM.attributes
                0x0000000000000060       0x2a app.o
 .ARM.attributes
                0x000000000000008a       0x2a syscall.o
 .ARM.attributes
                0x00000000000000b4       0x2a /home/vinai/projects/toolchain/gcc-arm-none-eabi-10.3-2021.10/bin/../lib/gcc/arm-none-eabi/10.3.1/../../../../arm-none-eabi/lib/libstdc++.a(atexit_arm.o)
 .ARM.attributes
                0x00000000000000de       0x2a /home/vinai/projects/toolchain/gcc-arm-none-eabi-10.3-2021.10/bin/../lib/gcc/arm-none-eabi/10.3.1/../../../../arm-none-eabi/lib/libc.a(lib_a-cxa_atexit.o)
 .ARM.attributes
                0x0000000000000108       0x2a /home/vinai/projects/toolchain/gcc-arm-none-eabi-10.3-2021.10/bin/../lib/gcc/arm-none-eabi/10.3.1/../../../../arm-none-eabi/lib/libc.a(lib_a-exit.o)
 .ARM.attributes
                0x0000000000000132       0x2a /home/vinai/projects/toolchain/gcc-arm-none-eabi-10.3-2021.10/bin/../lib/gcc/arm-none-eabi/10.3.1/../../../../arm-none-eabi/lib/libc.a(lib_a-impure.o)
 .ARM.attributes
                0x000000000000015c       0x2a /home/vinai/projects/toolchain/gcc-arm-none-eabi-10.3-2021.10/bin/../lib/gcc/arm-none-eabi/10.3.1/../../../../arm-none-eabi/lib/libc.a(lib_a-init.o)
 .ARM.attributes
                0x0000000000000186       0x2a /home/vinai/projects/toolchain/gcc-arm-none-eabi-10.3-2021.10/bin/../lib/gcc/arm-none-eabi/10.3.1/../../../../arm-none-eabi/lib/libc.a(lib_a-memset.o)
 .ARM.attributes
                0x00000000000001b0       0x2a /home/vinai/projects/toolchain/gcc-arm-none-eabi-10.3-2021.10/bin/../lib/gcc/arm-none-eabi/10.3.1/../../../../arm-none-eabi/lib/libc.a(lib_a-__atexit.o)
 .ARM.attributes
                0x00000000000001da       0x2a /home/vinai/projects/toolchain/gcc-arm-none-eabi-10.3-2021.10/bin/../lib/gcc/arm-none-eabi/10.3.1/../../../../arm-none-eabi/lib/libc.a(lib_a-__call_atexit.o)
 .ARM.attributes
                0x0000000000000204       0x2a /home/vinai/projects/toolchain/gcc-arm-none-eabi-10.3-2021.10/bin/../lib/gcc/arm-none-eabi/10.3.1/../../../../arm-none-eabi/lib/libc.a(lib_a-atexit.o)
 .ARM.attributes
                0x000000000000022e       0x2a /home/vinai/projects/toolchain/gcc-arm-none-eabi-10.3-2021.10/bin/../lib/gcc/arm-none-eabi/10.3.1/../../../../arm-none-eabi/lib/libc.a(lib_a-fini.o)
 .ARM.attributes
                0x0000000000000258       0x2a /home/vinai/projects/toolchain/gcc-arm-none-eabi-10.3-2021.10/bin/../lib/gcc/arm-none-eabi/10.3.1/../../../../arm-none-eabi/lib/libc.a(lib_a-lock.o)
 .ARM.attributes
                0x0000000000000282       0x2a /home/vinai/projects/toolchain/gcc-arm-none-eabi-10.3-2021.10/bin/../lib/gcc/arm-none-eabi/10.3.1/crtend.o
 .ARM.attributes
                0x00000000000002ac       0x1c /home/vinai/projects/toolchain/gcc-arm-none-eabi-10.3-2021.10/bin/../lib/gcc/arm-none-eabi/10.3.1/crtn.o
 *(.gnu.attributes)

.note.gnu.arm.ident
 *(.note.gnu.arm.ident)

/DISCARD/
 *(.note.GNU-stack)
 *(.gnu_debuglink)
 *(.gnu.lto_*)
OUTPUT(ldAppExe elf32-littlearm)
LOAD linker stubs
